// Jest Snapshot v1, https://goo.gl/fbAQLP

exports[`<ImageDrop /> should match the snapshot correctly 1`] = `
<div
  className="container"
>
  <div
    onBlur={[Function]}
    onClick={[Function]}
    onDragEnter={[Function]}
    onDragLeave={[Function]}
    onDragOver={[Function]}
    onDrop={[Function]}
    onFocus={[Function]}
    onKeyDown={[Function]}
    role="presentation"
    style={
      {
        "alignItems": "center",
        "backgroundColor": "#fafafa",
        "borderColor": "#eeeeee",
        "borderRadius": 2,
        "borderStyle": "dashed",
        "borderWidth": 2,
        "color": "#bdbdbd",
        "display": "flex",
        "flex": 1,
        "flexDirection": "column",
        "outline": "none",
        "padding": "20px",
        "transition": "border .24s ease-in-out",
      }
    }
    tabIndex={0}
  >
    <input
      accept="image/*"
      multiple={true}
      onChange={[Function]}
      onClick={[Function]}
      style={
        {
          "display": "none",
        }
      }
      tabIndex={-1}
      type="file"
    />
    <p>
      Drag 'n' drop a file here, or click to select a file
    </p>
  </div>
</div>
`;
